122.71.241.175 - - [15/Apr/2019:00:00:01 +0800] "GET /api/v1/affiches/ HTTP/1.1" 200 24 "https://m.luffycity.com/home" "Mozilla/5.0 (Linux; Android 8.1.0; MI 6X Build/OPM1.171019.011; wv) AppleWebKit/537.36 (KHTML, like Gecko) Version/4.0 Chrome/63.0.3239.83 Mobile Safari/537.36 T7/11.3 baiduboxapp/11.3.0.13 (Baidu; P1 8.1.0)" 
122.71.241.175 - - [15/Apr/2019:00:00:04 +0800] "GET /api/v1/course_sub/category/list/ HTTP/1.1" 200 413 "https://m.luffycity.com/courses" "Mozilla/5.0 (Linux; Android 8.1.0; MI 6X Build/OPM1.171019.011; wv) AppleWebKit/537.36 (KHTML, like Gecko) Version/4.0 Chrome/63.0.3239.83 Mobile Safari/537.36 T7/11.3 baiduboxapp/11.3.0.13 (Baidu; P1 8.1.0)" 
106.121.76.134 - - [15/Apr/2019:00:00:05 +0800] "GET /api/v1/course/71/sections/ HTTP/1.1" 200 601 "https://m.luffycity.com/courses/71/common-problems" "Mozilla/5.0 (iPhone; CPU iPhone OS 12_2 like Mac OS X) AppleWebKit/605.1.15 (KHTML, like Gecko) Version/12.1 Mobile/15E148 Safari/604.1" 
122.71.241.175 - - [15/Apr/2019:00:00:05 +0800] "GET /api/v1/courses?sub_category=2&ordering=%27%27 HTTP/1.1" 301 0 "https://m.luffycity.com/courses" "Mozilla/5.0 (Linux; Android 8.1.0; MI 6X Build/OPM1.171019.011; wv) AppleWebKit/537.36 (KHTML, like Gecko) Version/4.0 Chrome/63.0.3239.83 Mobile Safari/537.36 T7/11.3 baiduboxapp/11.3.0.13 (Baidu; P1 8.1.0)" 
122.71.241.175 - - [15/Apr/2019:00:00:09 +0800] "GET /api/v1/courses/?sub_category=4&ordering=%27%27 HTTP/1.1" 200 1605 "https://m.luffycity.com/courses" "Mozilla/5.0 (Linux; Android 8.1.0; MI 6X Build/OPM1.171019.011; wv) AppleWebKit/537.36 (KHTML, like Gecko) Version/4.0 Chrome/63.0.3239.83 Mobile Safari/537.36 T7/11.3 baiduboxapp/11.3.0.13 (Baidu; P1 8.1.0)" 
122.71.241.175 - - [15/Apr/2019:00:00:14 +0800] "GET /api/v1/courses/?sub_category=7&ordering=%27%27 HTTP/1.1" 200 695 "https://m.luffycity.com/courses" "Mozilla/5.0 (Linux; Android 8.1.0; MI 6X Build/OPM1.171019.011; wv) AppleWebKit/537.36 (KHTML, like Gecko) Version/4.0 Chrome/63.0.3239.83 Mobile Safari/537.36 T7/11.3 baiduboxapp/11.3.0.13 (Baidu; P1 8.1.0)" 
106.121.76.134 - - [15/Apr/2019:00:00:27 +0800] "GET /api/v1/course/71/right/ HTTP/1.1" 200 750 "https://m.luffycity.com/courses/71/details-introduce" "Mozilla/5.0 (iPhone; CPU iPhone OS 12_2 like Mac OS X) AppleWebKit/605.1.15 (KHTML, like Gecko) Version/12.1 Mobile/15E148 Safari/604.1" 
122.71.241.175 - - [15/Apr/2019:00:00:32 +0800] "GET /api/v1/courses/?sub_category=9&ordering=%27%27 HTTP/1.1" 200 692 "https://m.luffycity.com/courses" "Mozilla/5.0 (Linux; Android 8.1.0; MI 6X Build/OPM1.171019.011; wv) AppleWebKit/537.36 (KHTML, like Gecko) Version/4.0 Chrome/63.0.3239.83 Mobile Safari/537.36 T7/11.3 baiduboxapp/11.3.0.13 (Baidu; P1 8.1.0)" 
122.71.241.175 - - [15/Apr/2019:00:00:36 +0800] "GET /api/v1/courses/?sub_category=10&ordering=%27%27 HTTP/1.1" 200 715 "https://m.luffycity.com/courses" "Mozilla/5.0 (Linux; Android 8.1.0; MI 6X Build/OPM1.171019.011; wv) AppleWebKit/537.36 (KHTML, like Gecko) Version/4.0 Chrome/63.0.3239.83 Mobile Safari/537.36 T7/11.3 baiduboxapp/11.3.0.13 (Baidu; P1 8.1.0)" 
106.121.76.134 - - [15/Apr/2019:00:01:00 +0800] "GET /api/v1/nation/ HTTP/1.1" 200 1586 "https://m.luffycity.com/signup" "Mozilla/5.0 (iPhone; CPU iPhone OS 12_2 like Mac OS X) AppleWebKit/605.1.15 (KHTML, like Gecko) Version/12.1 Mobile/15E148 Safari/604.1" 
122.71.241.175 - - [15/Apr/2019:00:01:01 +0800] "GET /api/v1/course/71/detail/ HTTP/1.1" 200 309 "https://m.luffycity.com/courses/71/details-introduce" "Mozilla/5.0 (Linux; Android 8.1.0; MI 6X Build/OPM1.171019.011; wv) AppleWebKit/537.36 (KHTML, like Gecko) Version/4.0 Chrome/63.0.3239.83 Mobile Safari/537.36 T7/11.3 baiduboxapp/11.3.0.13 (Baidu; P1 8.1.0)" 
122.71.241.175 - - [15/Apr/2019:00:01:01 +0800] "GET /api/v1/course/71/right/ HTTP/1.1" 200 750 "https://m.luffycity.com/courses/71/details-introduce" "Mozilla/5.0 (Linux; Android 8.1.0; MI 6X Build/OPM1.171019.011; wv) AppleWebKit/537.36 (KHTML, like Gecko) Version/4.0 Chrome/63.0.3239.83 Mobile Safari/537.36 T7/11.3 baiduboxapp/11.3.0.13 (Baidu; P1 8.1.0)" 
122.71.241.175 - - [15/Apr/2019:00:01:01 +0800] "GET /api/v1/video/ali/auth/?vid=f7c3343dcd90431e913768f1c33a215e HTTP/1.1" 200 1734 "https://m.luffycity.com/courses/71/details-introduce" "Mozilla/5.0 (Linux; Android 8.1.0; MI 6X Build/OPM1.171019.011; wv) AppleWebKit/537.36 (KHTML, like Gecko) Version/4.0 Chrome/63.0.3239.83 Mobile Safari/537.36 T7/11.3 baiduboxapp/11.3.0.13 (Baidu; P1 8.1.0)" 
122.71.241.175 - - [15/Apr/2019:00:01:08 +0800] "GET /api/v1/course/71/top/ HTTP/1.1" 200 226 "https://m.luffycity.com/courses/71/details-introduce" "Mozilla/5.0 (Linux; Android 8.1.0; MI 6X Build/OPM1.171019.011; wv) AppleWebKit/537.36 (KHTML, like Gecko) Version/4.0 Chrome/63.0.3239.83 Mobile Safari/537.36 T7/11.3 baiduboxapp/11.3.0.13 (Baidu; P1 8.1.0)" 
122.71.241.175 - - [15/Apr/2019:00:01:08 +0800] "GET /api/v1/course/71/right/ HTTP/1.1" 200 750 "https://m.luffycity.com/courses/71/details-introduce" "Mozilla/5.0 (Linux; Android 8.1.0; MI 6X Build/OPM1.171019.011; wv) AppleWebKit/537.36 (KHTML, like Gecko) Version/4.0 Chrome/63.0.3239.83 Mobile Safari/537.36 T7/11.3 baiduboxapp/11.3.0.13 (Baidu; P1 8.1.0)" 
106.121.76.134 - - [15/Apr/2019:00:01:21 +0800] "POST /api/v1/account/mobile_login/ HTTP/1.1" 200 401 "https://m.luffycity.com/signup" "Mozilla/5.0 (iPhone; CPU iPhone OS 12_2 like Mac OS X) AppleWebKit/605.1.15 (KHTML, like Gecko) Version/12.1 Mobile/15E148 Safari/604.1" 
106.121.76.134 - - [15/Apr/2019:00:01:21 +0800] "GET /api/v1/banners/ HTTP/1.1" 200 716 "https://m.luffycity.com/home" "Mozilla/5.0 (iPhone; CPU iPhone OS 12_2 like Mac OS X) AppleWebKit/605.1.15 (KHTML, like Gecko) Version/12.1 Mobile/15E148 Safari/604.1" 
106.121.76.134 - - [15/Apr/2019:00:01:34 +0800] "GET /api/v1/degree_course/1/reviews/?limit=200 HTTP/1.1" 200 26855 "https://m.luffycity.com/course/python-medium/1" "Mozilla/5.0 (iPhone; CPU iPhone OS 12_2 like Mac OS X) AppleWebKit/605.1.15 (KHTML, like Gecko) Version/12.1 Mobile/15E148 Safari/604.1" 
219.144.216.96 - - [15/Apr/2019:00:01:54 +0800] "GET /api/v1/study/2383/ HTTP/1.1" 200 370 "https://www.luffycity.com/micro/play/2383/15023" "Mozilla/5.0 (Windows NT 6.1; WOW64) AppleWebKit/537.36 (KHTML, like Gecko) Chrome/73.0.3683.103 Safari/537.36" 
219.144.216.96 - - [15/Apr/2019:00:01:55 +0800] "GET /api/v1/video_play_check/?t=1556077945087&vid=d1977c4d68145a094b75dc53d5eed5e1_d&code=wuFahjKiZxxkpHAwpjyXqRTSC3o5r1&callback=jsonp_22383091555257715998 HTTP/1.1" 200 428 "https://www.luffycity.com/micro/play/2383/15023" "Mozilla/5.0 (Windows NT 6.1; WOW64) AppleWebKit/537.36 (KHTML, like Gecko) Chrome/73.0.3683.103 Safari/537.36" 
122.71.241.175 - - [15/Apr/2019:00:02:05 +0800] "GET /api/v1/course/71/sections/ HTTP/1.1" 200 601 "https://m.luffycity.com/courses/71/common-problems" "Mozilla/5.0 (Linux; Android 8.1.0; MI 6X Build/OPM1.171019.011; wv) AppleWebKit/537.36 (KHTML, like Gecko) Version/4.0 Chrome/63.0.3239.83 Mobile Safari/537.36 T7/11.3 baiduboxapp/11.3.0.13 (Baidu; P1 8.1.0)" 
106.121.76.134 - - [15/Apr/2019:00:02:08 +0800] "GET /api/v1/degree_course/1/reviews/?limit=200 HTTP/1.1" 200 26855 "https://m.luffycity.com/course/python-advanced/4" "Mozilla/5.0 (iPhone; CPU iPhone OS 12_2 like Mac OS X) AppleWebKit/605.1.15 (KHTML, like Gecko) Version/12.1 Mobile/15E148 Safari/604.1" 
122.71.241.175 - - [15/Apr/2019:00:02:13 +0800] "GET /api/v1/course/71/questions/ HTTP/1.1" 200 233 "https://m.luffycity.com/courses/71/user-comments" "Mozilla/5.0 (Linux; Android 8.1.0; MI 6X Build/OPM1.171019.011; wv) AppleWebKit/537.36 (KHTML, like Gecko) Version/4.0 Chrome/63.0.3239.83 Mobile Safari/537.36 T7/11.3 baiduboxapp/11.3.0.13 (Baidu; P1 8.1.0)" 
106.121.76.134 - - [15/Apr/2019:00:03:20 +0800] "GET /api/v1/course/5/detail/ HTTP/1.1" 200 442 "https://m.luffycity.com/courses/5/details-introduce" "Mozilla/5.0 (iPhone; CPU iPhone OS 12_2 like Mac OS X) AppleWebKit/605.1.15 (KHTML, like Gecko) Version/12.1 Mobile/15E148 Safari/604.1" 
106.121.76.134 - - [15/Apr/2019:00:03:20 +0800] "GET /api/v1/course/5/payment_info/ HTTP/1.1" 200 363 "https://m.luffycity.com/courses/5/details-introduce" "Mozilla/5.0 (iPhone; CPU iPhone OS 12_2 like Mac OS X) AppleWebKit/605.1.15 (KHTML, like Gecko) Version/12.1 Mobile/15E148 Safari/604.1" 
106.121.76.134 - - [15/Apr/2019:00:03:20 +0800] "GET /api/v1/video/ali/auth/?vid=e2953fda3a244bd8b4339a6d72c5a7ce HTTP/1.1" 200 1714 "https://m.luffycity.com/courses/5/details-introduce" "Mozilla/5.0 (iPhone; CPU iPhone OS 12_2 like Mac OS X) AppleWebKit/605.1.15 (KHTML, like Gecko) Version/12.1 Mobile/15E148 Safari/604.1" 
106.121.76.134 - - [15/Apr/2019:00:03:21 +0800] "GET /api/v1/course/5/top/ HTTP/1.1" 200 219 "https://m.luffycity.com/course/buy/5" "Mozilla/5.0 (iPhone; CPU iPhone OS 12_2 like Mac OS X) AppleWebKit/605.1.15 (KHTML, like Gecko) Version/12.1 Mobile/15E148 Safari/604.1" 
106.121.76.134 - - [15/Apr/2019:00:03:22 +0800] "GET /api/v1/video/ali/auth/?vid=e2953fda3a244bd8b4339a6d72c5a7ce HTTP/1.1" 200 1715 "https://m.luffycity.com/course/buy/5" "Mozilla/5.0 (iPhone; CPU iPhone OS 12_2 like Mac OS X) AppleWebKit/605.1.15 (KHTML, like Gecko) Version/12.1 Mobile/15E148 Safari/604.1" 
106.121.76.134 - - [15/Apr/2019:00:03:25 +0800] "POST /api/v1/order/create/ HTTP/1.1" 200 85 "https://m.luffycity.com/course/buy/5" "Mozilla/5.0 (iPhone; CPU iPhone OS 12_2 like Mac OS X) AppleWebKit/605.1.15 (KHTML, like Gecko) Version/12.1 Mobile/15E148 Safari/604.1" 
106.121.76.134 - - [15/Apr/2019:00:03:28 +0800] "GET /api/v1/enroll/degrees/ HTTP/1.1" 200 24 "https://m.luffycity.com/study" "Mozilla/5.0 (iPhone; CPU iPhone OS 12_2 like Mac OS X) AppleWebKit/605.1.15 (KHTML, like Gecko) Version/12.1 Mobile/15E148 Safari/604.1" 
106.121.76.134 - - [15/Apr/2019:00:03:28 +0800] "GET /api/v1/enroll/degree/0/ HTTP/1.1" 200 107 "https://m.luffycity.com/study" "Mozilla/5.0 (iPhone; CPU iPhone OS 12_2 like Mac OS X) AppleWebKit/605.1.15 (KHTML, like Gecko) Version/12.1 Mobile/15E148 Safari/604.1" 
106.121.76.134 - - [15/Apr/2019:00:03:33 +0800] "GET /api/v1/study/1 HTTP/1.1" 301 0 "https://m.luffycity.com/study/video/1" "Mozilla/5.0 (iPhone; CPU iPhone OS 12_2 like Mac OS X) AppleWebKit/605.1.15 (KHTML, like Gecko) Version/12.1 Mobile/15E148 Safari/604.1" 
106.121.76.134 - - [15/Apr/2019:00:03:33 +0800] "GET /api/v1/study/1/ HTTP/1.1" 200 218 "https://m.luffycity.com/study/video/1" "Mozilla/5.0 (iPhone; CPU iPhone OS 12_2 like Mac OS X) AppleWebKit/605.1.15 (KHTML, like Gecko) Version/12.1 Mobile/15E148 Safari/604.1" 
106.121.76.134 - - [15/Apr/2019:00:03:49 +0800] "GET /api/v1/trade/detail/?order_num=20190415000324420 HTTP/1.1" 200 234 "https://m.luffycity.com/buysucceed?order_num=20190415000324420" "Mozilla/5.0 (iPhone; CPU iPhone OS 12_2 like Mac OS X) AppleWebKit/605.1.15 (KHTML, like Gecko) Version/12.1 Mobile/15E148 Safari/604.1" 
106.121.76.134 - - [15/Apr/2019:00:03:50 +0800] "GET /api/v1/course/5/detail/ HTTP/1.1" 200 442 "https://m.luffycity.com/courses/5/details-introduce" "Mozilla/5.0 (iPhone; CPU iPhone OS 12_2 like Mac OS X) AppleWebKit/605.1.15 (KHTML, like Gecko) Version/12.1 Mobile/15E148 Safari/604.1" 
106.121.76.134 - - [15/Apr/2019:00:03:50 +0800] "GET /api/v1/course/5/top/ HTTP/1.1" 200 219 "https://m.luffycity.com/courses/5/details-introduce" "Mozilla/5.0 (iPhone; CPU iPhone OS 12_2 like Mac OS X) AppleWebKit/605.1.15 (KHTML, like Gecko) Version/12.1 Mobile/15E148 Safari/604.1" 
123.120.231.84 - - [15/Apr/2019:00:04:11 +0800] "GET /api/v1/study/course_catalog/?section_id=154 HTTP/1.1" 200 3671 "https://www.luffycity.com/micro/play/154/21573" "Mozilla/5.0 (Macintosh; Intel Mac OS X 10_14_4) AppleWebKit/537.36 (KHTML, like Gecko) Chrome/73.0.3683.103 Safari/537.36" 
43.250.201.20 - - [15/Apr/2019:00:04:35 +0800] "GET /api/v1/study/5800/ HTTP/1.1" 200 357 "https://www.luffycity.com/micro/play/5800/3487" "Mozilla/5.0 (Windows NT 10.0; Win64; x64) AppleWebKit/537.36 (KHTML, like Gecko) Chrome/64.0.3282.140 Safari/537.36 Edge/18.17763" 
219.144.216.96 - - [15/Apr/2019:00:04:52 +0800] "GET /api/v1/study/2384/ HTTP/1.1" 200 376 "https://www.luffycity.com/micro/play/2384/15023" "Mozilla/5.0 (Windows NT 6.1; WOW64) AppleWebKit/537.36 (KHTML, like Gecko) Chrome/73.0.3683.103 Safari/537.36" 
219.144.216.96 - - [15/Apr/2019:00:04:52 +0800] "GET /api/v1/video_play_check/?t=1555484096116&vid=d1977c4d68b6e491e59b665bacdd12d4_d&code=wuFahjKiZxxkpHAwpjyXqRTSC3o5r1&callback=jsonp_42773851555257893585 HTTP/1.1" 200 428 "https://www.luffycity.com/micro/play/2384/15023" "Mozilla/5.0 (Windows NT 6.1; WOW64) AppleWebKit/537.36 (KHTML, like Gecko) Chrome/73.0.3683.103 Safari/537.36" 
112.231.101.109 - - [15/Apr/2019:00:04:53 +0800] "GET /api/v1/survey/2/?related_id=null HTTP/1.1" 200 421 "https://www.luffycity.com/homework/detail/3/13/20267/1" "Mozilla/5.0 (Windows NT 6.3; Win64; x64; rv:66.0) Gecko/20100101 Firefox/66.0" 
27.10.109.31 - - [15/Apr/2019:00:05:09 +0800] "GET /api/v1/module_homeworks/?courseid=13 HTTP/1.1" 200 648 "https://www.luffycity.com/homework/detail/2/13/19095/1" "Mozilla/5.0 (Macintosh; Intel Mac OS X 10_13_6) AppleWebKit/605.1.15 (KHTML, like Gecko) Version/12.0.3 Safari/605.1.15" 
106.121.76.134 - - [15/Apr/2019:00:05:17 +0800] "GET /api/v1/personal/personaloverview/ HTTP/1.1" 200 154 "https://m.luffycity.com/my" "Mozilla/5.0 (iPhone; CPU iPhone OS 12_2 like Mac OS X) AppleWebKit/605.1.15 (KHTML, like Gecko) Version/12.1 Mobile/15E148 Safari/604.1" 
111.3.217.32 - - [15/Apr/2019:00:05:24 +0800] "GET /api/v1/study/1079/ HTTP/1.1" 200 360 "https://www.luffycity.com/micro/play/1079/19146" "Mozilla/5.0 (Windows NT 6.1; Win64; x64) AppleWebKit/537.36 (KHTML, like Gecko) Chrome/71.0.3578.98 Safari/537.36" 
111.3.217.32 - - [15/Apr/2019:00:05:24 +0800] "GET /api/v1/video_play_check/?t=1555801027413&vid=d1977c4d68dfce354b3d93c5cb11aa8f_d&code=S3SZW4QpGUxMkGqWNOjmpsrWwVy4xJ&callback=jsonp_29818051555257925923 HTTP/1.1" 200 428 "https://www.luffycity.com/micro/play/1079/19146" "Mozilla/5.0 (Windows NT 6.1; Win64; x64) AppleWebKit/537.36 (KHTML, like Gecko) Chrome/71.0.3578.98 Safari/537.36" 
106.121.76.134 - - [15/Apr/2019:00:05:25 +0800] "GET /api/v1/course/5/detail/ HTTP/1.1" 200 442 "https://m.luffycity.com/courses/5/details-introduce" "Mozilla/5.0 (iPhone; CPU iPhone OS 12_2 like Mac OS X) AppleWebKit/605.1.15 (KHTML, like Gecko) Version/12.1 Mobile/15E148 Safari/604.1" 
106.121.76.134 - - [15/Apr/2019:00:05:25 +0800] "GET /api/v1/course/5/top/ HTTP/1.1" 200 219 "https://m.luffycity.com/courses/5/details-introduce" "Mozilla/5.0 (iPhone; CPU iPhone OS 12_2 like Mac OS X) AppleWebKit/605.1.15 (KHTML, like Gecko) Version/12.1 Mobile/15E148 Safari/604.1" 
113.102.167.166 - - [15/Apr/2019:00:05:33 +0800] "GET /api/v1/study/5555/ HTTP/1.1" 200 343 "https://www.luffycity.com/micro/play/5555/4644" "Mozilla/5.0 (Windows NT 10.0; Win64; x64) AppleWebKit/537.36 (KHTML, like Gecko) Chrome/72.0.3626.121 Safari/537.36" 
113.102.167.166 - - [15/Apr/2019:00:05:33 +0800] "GET /api/v1/video_play_check/?t=1555696031048&vid=d1977c4d689d2acce0bcc412f19afd6e_d&code=SIoeZ4atfpaom9cmjdZLcCHgYxzRm4&callback=jsonp_71708421555257932541 HTTP/1.1" 200 457 "https://www.luffycity.com/micro/play/5555/4644" "Mozilla/5.0 (Windows NT 10.0; Win64; x64) AppleWebKit/537.36 (KHTML, like Gecko) Chrome/72.0.3626.121 Safari/537.36" 
1.197.134.11 - - [15/Apr/2019:00:05:35 +0800] "GET /zhilian/python HTTP/1.1" 200 906 "-" "Mozilla/5.0 (Linux; Android 9; Redmi Note 7 Pro Build/PKQ1.181203.001; wv) AppleWebKit/537.36 (KHTML, like Gecko) Version/4.0 Chrome/71.0.3578.99 Mobile Safari/537.36" 
106.121.76.134 - - [15/Apr/2019:00:05:37 +0800] "GET /api/v1/course_sub/category/list/ HTTP/1.1" 200 413 "https://m.luffycity.com/courses/71/course-section" "Mozilla/5.0 (iPhone; CPU iPhone OS 12_2 like Mac OS X) AppleWebKit/605.1.15 (KHTML, like Gecko) Version/12.1 Mobile/15E148 Safari/604.1" 
106.121.76.134 - - [15/Apr/2019:00:05:37 +0800] "GET /api/v1/course/71/payment_info/ HTTP/1.1" 200 384 "https://m.luffycity.com/courses/71/course-section" "Mozilla/5.0 (iPhone; CPU iPhone OS 12_2 like Mac OS X) AppleWebKit/605.1.15 (KHTML, like Gecko) Version/12.1 Mobile/15E148 Safari/604.1" 
106.121.76.134 - - [15/Apr/2019:00:05:37 +0800] "GET /api/v1/courses/?sub_category=1&ordering=%27%27 HTTP/1.1" 200 1487 "https://m.luffycity.com/courses/71/course-section" "Mozilla/5.0 (iPhone; CPU iPhone OS 12_2 like Mac OS X) AppleWebKit/605.1.15 (KHTML, like Gecko) Version/12.1 Mobile/15E148 Safari/604.1" 
106.121.76.134 - - [15/Apr/2019:00:05:41 +0800] "GET /api/v1/course/71/sections/ HTTP/1.1" 200 601 "https://m.luffycity.com/courses/71/common-problems" "Mozilla/5.0 (iPhone; CPU iPhone OS 12_2 like Mac OS X) AppleWebKit/605.1.15 (KHTML, like Gecko) Version/12.1 Mobile/15E148 Safari/604.1" 
106.121.76.134 - - [15/Apr/2019:00:05:45 +0800] "GET /api/v1/study/7148/ HTTP/1.1" 200 346 "https://m.luffycity.com/courses/71/common-problems" "Mozilla/5.0 (iPhone; CPU iPhone OS 12_2 like Mac OS X) AppleWebKit/605.1.15 (KHTML, like Gecko) Version/12.1 Mobile/15E148 Safari/604.1" 
43.250.201.20 - - [15/Apr/2019:00:05:46 +0800] "GET /api/v1/video/5800/reviews/ HTTP/1.1" 200 770 "https://www.luffycity.com/micro/play/5800/3487" "Mozilla/5.0 (Windows NT 10.0; Win64; x64) AppleWebKit/537.36 (KHTML, like Gecko) Chrome/64.0.3282.140 Safari/537.36 Edge/18.17763" 
43.250.201.20 - - [15/Apr/2019:00:05:46 +0800] "GET /api/v1/study/course_catalog/?section_id=5800 HTTP/1.1" 200 9056 "https://www.luffycity.com/micro/play/5800/3487" "Mozilla/5.0 (Windows NT 10.0; Win64; x64) AppleWebKit/537.36 (KHTML, like Gecko) Chrome/64.0.3282.140 Safari/537.36 Edge/18.17763" 
43.250.201.20 - - [15/Apr/2019:00:05:48 +0800] "GET /api/v1/video_play_check/?t=1555720539876&vid=d1977c4d684c352b6c3113460e52d317_d&code=x3SnLckmiDUBnRgnEp2j4moYB9vqPQ&callback=jsonp_31984591555257948206 HTTP/1.1" 200 457 "https://www.luffycity.com/micro/play/5800/3487" "Mozilla/5.0 (Windows NT 10.0; Win64; x64) AppleWebKit/537.36 (KHTML, like Gecko) Chrome/64.0.3282.140 Safari/537.36 Edge/18.17763" 
106.121.76.134 - - [15/Apr/2019:00:05:54 +0800] "GET /api/v1/course/71/detail/ HTTP/1.1" 200 309 "https://m.luffycity.com/courses/71/details-introduce" "Mozilla/5.0 (iPhone; CPU iPhone OS 12_2 like Mac OS X) AppleWebKit/605.1.15 (KHTML, like Gecko) Version/12.1 Mobile/15E148 Safari/604.1" 
106.121.76.134 - - [15/Apr/2019:00:05:58 +0800] "GET /api/v1/course_sub/category/list/ HTTP/1.1" 200 413 "https://m.luffycity.com/courses/71/course-section" "Mozilla/5.0 (iPhone; CPU iPhone OS 12_2 like Mac OS X) AppleWebKit/605.1.15 (KHTML, like Gecko) Version/12.1 Mobile/15E148 Safari/604.1" 
106.121.76.134 - - [15/Apr/2019:00:05:58 +0800] "GET /api/v1/course/71/payment_info/ HTTP/1.1" 200 384 "https://m.luffycity.com/courses/71/course-section" "Mozilla/5.0 (iPhone; CPU iPhone OS 12_2 like Mac OS X) AppleWebKit/605.1.15 (KHTML, like Gecko) Version/12.1 Mobile/15E148 Safari/604.1" 
106.121.76.134 - - [15/Apr/2019:00:05:58 +0800] "GET /api/v1/courses/?sub_category=1&ordering=%27%27 HTTP/1.1" 200 1434 "https://m.luffycity.com/courses/71/course-section" "Mozilla/5.0 (iPhone; CPU iPhone OS 12_2 like Mac OS X) AppleWebKit/605.1.15 (KHTML, like Gecko) Version/12.1 Mobile/15E148 Safari/604.1" 
221.218.214.8 - - [15/Apr/2019:00:06:11 +0800] "GET /api/v1/captcha_check/ HTTP/1.1" 200 122 "http://localhost:8080/login" "Mozilla/5.0 (Windows NT 10.0; Win64; x64) AppleWebKit/537.36 (KHTML, like Gecko) Chrome/71.0.3578.98 Safari/537.36" 
221.218.214.8 - - [15/Apr/2019:00:06:16 +0800] "OPTIONS /api/v1/account/login/ HTTP/1.1" 200 0 "http://localhost:8080/login" "Mozilla/5.0 (Windows NT 10.0; Win64; x64) AppleWebKit/537.36 (KHTML, like Gecko) Chrome/71.0.3578.98 Safari/537.36" 
221.218.214.8 - - [15/Apr/2019:00:06:16 +0800] "POST /api/v1/account/login/ HTTP/1.1" 200 54 "http://localhost:8080/login" "Mozilla/5.0 (Windows NT 10.0; Win64; x64) AppleWebKit/537.36 (KHTML, like Gecko) Chrome/71.0.3578.98 Safari/537.36" 
116.18.244.11 - - [15/Apr/2019:00:06:43 +0800] "GET /api/v1/enroll/info/?degree_id=1 HTTP/1.1" 200 199 "https://www.luffycity.com/study/degree" "Mozilla/5.0 (Macintosh; Intel Mac OS X 10_14_4) AppleWebKit/605.1.15 (KHTML, like Gecko) Version/12.1 Safari/605.1.15" 
116.18.244.11 - - [15/Apr/2019:00:06:43 +0800] "GET /api/v1/enroll/degree/1/ HTTP/1.1" 200 1271 "https://www.luffycity.com/study/degree" "Mozilla/5.0 (Macintosh; Intel Mac OS X 10_14_4) AppleWebKit/605.1.15 (KHTML, like Gecko) Version/12.1 Safari/605.1.15" 
116.18.244.11 - - [15/Apr/2019:00:06:44 +0800] "GET /api/v1/enroll/degrees/ HTTP/1.1" 200 270 "https://www.luffycity.com/study/degree" "Mozilla/5.0 (Macintosh; Intel Mac OS X 10_14_4) AppleWebKit/605.1.15 (KHTML, like Gecko) Version/12.1 Safari/605.1.15" 
116.18.244.11 - - [15/Apr/2019:00:06:46 +0800] "GET /api/v2/dashboard/ HTTP/1.1" 200 136 "https://www.luffycity.com/personal-test" "Mozilla/5.0 (Macintosh; Intel Mac OS X 10_14_4) AppleWebKit/605.1.15 (KHTML, like Gecko) Version/12.1 Safari/605.1.15" 
116.18.244.11 - - [15/Apr/2019:00:06:47 +0800] "GET /api/v2/groups/6368/enrollinfo/ HTTP/1.1" 200 152 "https://www.luffycity.com/personal-test" "Mozilla/5.0 (Macintosh; Intel Mac OS X 10_14_4) AppleWebKit/605.1.15 (KHTML, like Gecko) Version/12.1 Safari/605.1.15" 
116.18.244.11 - - [15/Apr/2019:00:06:50 +0800] "GET /api/v2/groups/6368/degree/manuals/ HTTP/1.1" 200 999 "https://www.luffycity.com/personal-test/chaptertest?id=6368" "Mozilla/5.0 (Macintosh; Intel Mac OS X 10_14_4) AppleWebKit/605.1.15 (KHTML, like Gecko) Version/12.1 Safari/605.1.15" 
116.18.244.11 - - [15/Apr/2019:00:07:04 +0800] "GET /api/v2/groups/ HTTP/1.1" 200 146 "https://www.luffycity.com/personal-test" "Mozilla/5.0 (Macintosh; Intel Mac OS X 10_14_4) AppleWebKit/605.1.15 (KHTML, like Gecko) Version/12.1 Safari/605.1.15" 
116.18.244.11 - - [15/Apr/2019:00:07:04 +0800] "GET /api/v2/groups/6368/practices/ HTTP/1.1" 200 834 "https://www.luffycity.com/personal-test" "Mozilla/5.0 (Macintosh; Intel Mac OS X 10_14_4) AppleWebKit/605.1.15 (KHTML, like Gecko) Version/12.1 Safari/605.1.15" 
116.18.244.11 - - [15/Apr/2019:00:07:08 +0800] "GET /api/v2/groups/6368/special/manuals/?category=&level= HTTP/1.1" 200 626 "https://www.luffycity.com/personal-test/specialpractice?id=6368" "Mozilla/5.0 (Macintosh; Intel Mac OS X 10_14_4) AppleWebKit/605.1.15 (KHTML, like Gecko) Version/12.1 Safari/605.1.15" 
106.121.76.134 - - [15/Apr/2019:00:07:23 +0800] "GET /api/v1/course/71/payment_info/ HTTP/1.1" 200 384 "https://m.luffycity.com/course/buy/71" "Mozilla/5.0 (iPhone; CPU iPhone OS 12_2 like Mac OS X) AppleWebKit/605.1.15 (KHTML, like Gecko) Version/12.1 Mobile/15E148 Safari/604.1" 
106.121.76.134 - - [15/Apr/2019:00:07:23 +0800] "POST /api/v1/order/confirm/ HTTP/1.1" 200 433 "https://m.luffycity.com/course/buy/71" "Mozilla/5.0 (iPhone; CPU iPhone OS 12_2 like Mac OS X) AppleWebKit/605.1.15 (KHTML, like Gecko) Version/12.1 Mobile/15E148 Safari/604.1" 
106.121.76.134 - - [15/Apr/2019:00:07:25 +0800] "POST /api/v1/order/create/ HTTP/1.1" 200 774 "https://m.luffycity.com/course/buy/71" "Mozilla/5.0 (iPhone; CPU iPhone OS 12_2 like Mac OS X) AppleWebKit/605.1.15 (KHTML, like Gecko) Version/12.1 Mobile/15E148 Safari/604.1" 
116.234.140.217 - - [15/Apr/2019:00:07:25 +0800] "GET /api/v1/study/course_catalog/?section_id=3069 HTTP/1.1" 200 9303 "https://www.luffycity.com/micro/play/3069/5866" "Mozilla/5.0 (Windows NT 10.0; WOW64) AppleWebKit/537.36 (KHTML, like Gecko) Chrome/70.0.3538.67 Safari/537.36" 
116.18.244.11 - - [15/Apr/2019:00:07:26 +0800] "GET /api/v1/degree_course/1/reviews/?limit=5&offset=0 HTTP/1.1" 200 2005 "https://www.luffycity.com/micro" "Mozilla/5.0 (Macintosh; Intel Mac OS X 10_14_4) AppleWebKit/605.1.15 (KHTML, like Gecko) Version/12.1 Safari/605.1.15" 
116.18.244.11 - - [15/Apr/2019:00:07:27 +0800] "GET /api/v1/degree_course/1/detail/ HTTP/1.1" 200 54996 "https://www.luffycity.com/micro" "Mozilla/5.0 (Macintosh; Intel Mac OS X 10_14_4) AppleWebKit/605.1.15 (KHTML, like Gecko) Version/12.1 Safari/605.1.15" 
116.18.244.11 - - [15/Apr/2019:00:07:28 +0800] "GET /api/v2/dashboard/ HTTP/1.1" 200 136 "https://www.luffycity.com/personal-test" "Mozilla/5.0 (Macintosh; Intel Mac OS X 10_14_4) AppleWebKit/605.1.15 (KHTML, like Gecko) Version/12.1 Safari/605.1.15" 
116.18.244.11 - - [15/Apr/2019:00:07:28 +0800] "GET /api/v2/groups/6368/enrollinfo/ HTTP/1.1" 200 152 "https://www.luffycity.com/personal-test" "Mozilla/5.0 (Macintosh; Intel Mac OS X 10_14_4) AppleWebKit/605.1.15 (KHTML, like Gecko) Version/12.1 Safari/605.1.15" 
183.238.24.179 - - [15/Apr/2019:00:07:34 +0800] "GET /api/v1/banners/ HTTP/1.1" 200 827 "https://www.luffycity.com/home" "Mozilla/5.0 (Windows NT 10.0; WOW64) AppleWebKit/537.36 (KHTML, like Gecko) Chrome/63.0.3239.132 Safari/537.36" 
106.121.76.134 - - [15/Apr/2019:00:07:37 +0800] "GET /api/v1/trade/detail/?order_num=20190415000725180 HTTP/1.1" 200 243 "https://m.luffycity.com/buysucceed?order_num=20190415000725180" "Mozilla/5.0 (iPhone; CPU iPhone OS 12_2 like Mac OS X) AppleWebKit/605.1.15 (KHTML, like Gecko) Version/12.1 Mobile/15E148 Safari/604.1" 
116.18.244.11 - - [15/Apr/2019:00:07:37 +0800] "GET /api/v1/user/shop_cart/list/ HTTP/1.1" 200 66 "https://www.luffycity.com/shopping-cart" "Mozilla/5.0 (Macintosh; Intel Mac OS X 10_14_4) AppleWebKit/605.1.15 (KHTML, like Gecko) Version/12.1 Safari/605.1.15" 
106.121.76.134 - - [15/Apr/2019:00:07:39 +0800] "GET /api/v1/learndata/ HTTP/1.1" 200 97 "https://m.luffycity.com/study" "Mozilla/5.0 (iPhone; CPU iPhone OS 12_2 like Mac OS X) AppleWebKit/605.1.15 (KHTML, like Gecko) Version/12.1 Mobile/15E148 Safari/604.1" 
116.18.244.11 - - [15/Apr/2019:00:07:40 +0800] "GET /api/v2/groups/ HTTP/1.1" 200 146 "https://www.luffycity.com/personal-test" "Mozilla/5.0 (Macintosh; Intel Mac OS X 10_14_4) AppleWebKit/605.1.15 (KHTML, like Gecko) Version/12.1 Safari/605.1.15" 
116.18.244.11 - - [15/Apr/2019:00:07:40 +0800] "GET /api/v2/groups/6368/practices/ HTTP/1.1" 200 834 "https://www.luffycity.com/personal-test" "Mozilla/5.0 (Macintosh; Intel Mac OS X 10_14_4) AppleWebKit/605.1.15 (KHTML, like Gecko) Version/12.1 Safari/605.1.15" 
106.121.76.134 - - [15/Apr/2019:00:07:45 +0800] "GET /api/v1/course_sub/category/list/ HTTP/1.1" 200 413 "https://m.luffycity.com/courses" "Mozilla/5.0 (iPhone; CPU iPhone OS 12_2 like Mac OS X) AppleWebKit/605.1.15 (KHTML, like Gecko) Version/12.1 Mobile/15E148 Safari/604.1" 
106.121.76.134 - - [15/Apr/2019:00:07:49 +0800] "GET /api/v1/learndata/ HTTP/1.1" 200 97 "https://m.luffycity.com/study" "Mozilla/5.0 (iPhone; CPU iPhone OS 12_2 like Mac OS X) AppleWebKit/605.1.15 (KHTML, like Gecko) Version/12.1 Mobile/15E148 Safari/604.1" 
106.121.76.134 - - [15/Apr/2019:00:07:49 +0800] "GET /api/v1/enroll/degree/0/ HTTP/1.1" 200 107 "https://m.luffycity.com/study" "Mozilla/5.0 (iPhone; CPU iPhone OS 12_2 like Mac OS X) AppleWebKit/605.1.15 (KHTML, like Gecko) Version/12.1 Mobile/15E148 Safari/604.1" 
106.121.76.134 - - [15/Apr/2019:00:07:51 +0800] "GET /api/v1/enroll/courses/ HTTP/1.1" 200 9013 "https://m.luffycity.com/study" "Mozilla/5.0 (iPhone; CPU iPhone OS 12_2 like Mac OS X) AppleWebKit/605.1.15 (KHTML, like Gecko) Version/12.1 Mobile/15E148 Safari/604.1" 
116.18.244.11 - - [15/Apr/2019:00:07:54 +0800] "POST /api/v2/degree/practice/create/ HTTP/1.1" 200 40 "https://www.luffycity.com/personal-test/chaptertest?id=6368" "Mozilla/5.0 (Macintosh; Intel Mac OS X 10_14_4) AppleWebKit/605.1.15 (KHTML, like Gecko) Version/12.1 Safari/605.1.15" 
106.121.76.134 - - [15/Apr/2019:00:07:55 +0800] "GET /api/v1/study/7148/ HTTP/1.1" 200 346 "https://m.luffycity.com/study/video/7148" "Mozilla/5.0 (iPhone; CPU iPhone OS 12_2 like Mac OS X) AppleWebKit/605.1.15 (KHTML, like Gecko) Version/12.1 Mobile/15E148 Safari/604.1" 
42.236.10.93 - - [15/Apr/2019:00:08:10 +0800] "GET /api/v1/affiches/ HTTP/1.1" 200 24 "https://m.luffycity.com/home" "Mozilla/5.0 (iPhone; CPU iPhone OS 11_0 like Mac OS X) AppleWebKit/604.1.38 (KHTML, like Gecko) Version/11.0 Mobile/15A372 Safari/604.1" 
42.236.10.93 - - [15/Apr/2019:00:08:10 +0800] "GET /api/v1/modules/ HTTP/1.1" 200 1036 "https://m.luffycity.com/home" "Mozilla/5.0 (iPhone; CPU iPhone OS 11_0 like Mac OS X) AppleWebKit/604.1.38 (KHTML, like Gecko) Version/11.0 Mobile/15A372 Safari/604.1" 
116.18.244.11 - - [15/Apr/2019:00:08:18 +0800] "PUT /api/v2/practice/detail/131172/update/ HTTP/1.1" 200 14 "https://www.luffycity.com/personal-test/specialpractice/begintesting?recordId=5082&type=first" "Mozilla/5.0 (Macintosh; Intel Mac OS X 10_14_4) AppleWebKit/605.1.15 (KHTML, like Gecko) Version/12.1 Safari/605.1.15" 
110.188.57.85 - - [15/Apr/2019:00:08:20 +0800] "GET /api/v1/modules/ HTTP/1.1" 200 1048 "https://m.luffycity.com/home/time-limit-welfare?=bootcss" "Mozilla/5.0 (Linux; Android 8.1.0; Mi Note 3 Build/OPM1.171019.019; wv) AppleWebKit/537.36 (KHTML, like Gecko) Version/4.0 Chrome/71.0.3578.99 Mobile Safari/537.36" 
110.188.57.85 - - [15/Apr/2019:00:08:20 +0800] "GET /api/v1/affiches/ HTTP/1.1" 200 24 "https://m.luffycity.com/home/time-limit-welfare?=bootcss" "Mozilla/5.0 (Linux; Android 8.1.0; Mi Note 3 Build/OPM1.171019.019; wv) AppleWebKit/537.36 (KHTML, like Gecko) Version/4.0 Chrome/71.0.3578.99 Mobile Safari/537.36" 
116.18.244.11 - - [15/Apr/2019:00:08:31 +0800] "PUT /api/v2/practice/detail/131162/update/ HTTP/1.1" 200 14 "https://www.luffycity.com/personal-test/specialpractice/begintesting?recordId=5082&type=first" "Mozilla/5.0 (Macintosh; Intel Mac OS X 10_14_4) AppleWebKit/605.1.15 (KHTML, like Gecko) Version/12.1 Safari/605.1.15" 
